/var/db/pkg/
/var/db/pkg/sys-kernel
/var/db/pkg/sys-kernel/linux-headers-2.4.21-r1
/var/db/pkg/sys-kernel/gentoo-dev-sources-2.6.5-r1
/var/db/pkg/sys-kernel/development-sources-2.6.6
/var/db/pkg/sys-kernel/config-kernel-0.3.3
/var/db/pkg/sys-kernel/gentoo-dev-sources-2.6.7
/var/db/pkg/sys-kernel/development-sources-2.6.7
/var/db/pkg/sys-kernel/gentoo-dev-sources-2.6.7-r8
/var/db/pkg/sys-devel
/var/db/pkg/sys-devel/gcc-3.3.3-r6
/var/db/pkg/sys-devel/libtool-1.4.3-r4
/var/db/pkg/sys-devel/gettext-0.12.1
/var/db/pkg/sys-devel/m4-1.4-r1
/var/db/pkg/sys-devel/gcc-config-1.3.5
/var/db/pkg/sys-devel/bison-1.875
/var/db/pkg/sys-devel/patch-2.5.9
/var/db/pkg/sys-devel/flex-2.5.4a-r5
/var/db/pkg/sys-devel/bc-1.06-r5
/var/db/pkg/sys-devel/libperl-5.8.2
/var/db/pkg/sys-devel/automake-1.8.3
/var/db/pkg/sys-devel/bin86-0.16.0
/var/db/pkg/sys-devel/make-3.80
/var/db/pkg/sys-devel/gdb-6.1
/var/db/pkg/sys-devel/autoconf-2.59-r3
/var/db/pkg/sys-devel/binutils-2.14.90.0.8-r1
/var/db/pkg/sys-devel/gnuconfig-20040214
/var/db/pkg/sys-apps
/var/db/pkg/sys-apps/portage-2.0.50-r8
/var/db/pkg/sys-apps/less-381
/var/db/pkg/sys-apps/cronbase-0.2.1-r3
/var/db/pkg/sys-apps/modutils-2.4.25
/var/db/pkg/sys-apps/groff-1.18.1-r4
/var/db/pkg/sys-apps/attr-2.4.7-r1
/var/db/pkg/sys-apps/man-1.5l-r6
/var/db/pkg/sys-apps/kbd-1.08-r5
/var/db/pkg/sys-apps/coreutils-5.0.91-r4
/var/db/pkg/sys-apps/acl-2.2.13-r1
/var/db/pkg/sys-apps/help2man-1.29
/var/db/pkg/sys-apps/findutils-4.1.20-r1
/var/db/pkg/sys-apps/ed-0.2-r3
/var/db/pkg/sys-apps/debianutils-1.16.7-r4
/var/db/pkg/sys-apps/diffutils-2.8.4-r4
/var/db/pkg/sys-apps/fbset-2.1
/var/db/pkg/sys-apps/file-4.06
/var/db/pkg/sys-apps/man-pages-1.66
/var/db/pkg/sys-apps/miscfiles-1.3-r1
/var/db/pkg/sys-apps/shadow-4.0.3-r9
/var/db/pkg/sys-apps/slocate-2.7-r5
/var/db/pkg/sys-apps/gawk-3.1.3-r1
/var/db/pkg/sys-apps/grep-2.5.1-r1
/var/db/pkg/sys-apps/hdparm-5.4
/var/db/pkg/sys-apps/tcp-wrappers-7.6-r8
/var/db/pkg/sys-apps/which-2.16
/var/db/pkg/sys-apps/net-tools-1.60-r7
/var/db/pkg/sys-apps/procps-3.1.15
/var/db/pkg/sys-apps/psmisc-21.2-r4
/var/db/pkg/sys-apps/setserial-2.17-r2
/var/db/pkg/sys-apps/pam-login-3.14
/var/db/pkg/sys-apps/util-linux-2.12-r4
/var/db/pkg/sys-apps/sed-4.0.9
/var/db/pkg/sys-apps/eject-2.0.13
/var/db/pkg/sys-apps/xinetd-2.3.12
/var/db/pkg/sys-apps/texinfo-4.6
/var/db/pkg/sys-apps/module-init-tools-3.0-r2
/var/db/pkg/sys-apps/vixie-cron-3.0.1-r4
/var/db/pkg/sys-apps/baselayout-1.9.4-r2
/var/db/pkg/sys-libs
/var/db/pkg/sys-libs/ncurses-5.4-r1
/var/db/pkg/sys-libs/pam-0.77
/var/db/pkg/sys-libs/gpm-1.20.1
/var/db/pkg/sys-libs/db-4.1.25_p1-r3
/var/db/pkg/sys-libs/cracklib-2.7-r8
/var/db/pkg/sys-libs/pwdb-0.62
/var/db/pkg/sys-libs/glibc-2.3.3.20040420
/var/db/pkg/sys-libs/slang-1.4.9
/var/db/pkg/sys-libs/db-1.85-r1
/var/db/pkg/sys-libs/gdbm-1.8.0-r5
/var/db/pkg/sys-libs/readline-4.3-r5
/var/db/pkg/sys-libs/lib-compat-1.3
/var/db/pkg/sys-libs/libcap-1.10-r3
/var/db/pkg/sys-libs/zlib-1.2.1-r2
/var/db/pkg/sys-libs/libtermcap-compat-1.2.3-r1
/var/db/pkg/dev-util
/var/db/pkg/dev-util/guile-1.6.4-r1
/var/db/pkg/dev-util/cscope-15.3
/var/db/pkg/dev-util/dialog-0.9_beta20031002
/var/db/pkg/dev-util/pkgconfig-0.15.0
/var/db/pkg/dev-util/cvs-1.11.17
/var/db/pkg/dev-util/intltool-0.30
/var/db/pkg/dev-util/gtk-doc-1.1
/var/db/pkg/dev-util/subversion-1.0.4-r1
/var/db/pkg/dev-util/pccts-1.33.33
/var/db/pkg/dev-util/gperf-3.0.1
/var/db/pkg/dev-util/patchutils-0.2.25
/var/db/pkg/dev-util/yacc-1.9.1-r2
/var/db/pkg/dev-util/ctags-5.5-r1
/var/db/pkg/dev-util/strace-4.5.1
/var/db/pkg/dev-util/cgdb-0.4.1
/var/db/pkg/dev-util/xdelta-1.1.3
/var/db/pkg/dev-python
/var/db/pkg/dev-python/python-fchksum-1.6.1-r1
/var/db/pkg/dev-python/id3-py-1.2
/var/db/pkg/dev-python/ply-1.5
/var/db/pkg/dev-python/wxpython-docs-2.4.2.4
/var/db/pkg/dev-python/PyOpenGL-2.0.0.44
/var/db/pkg/dev-python/wxpython-2.4.2.4
/var/db/pkg/dev-python/python-docs-2.3.3
/var/db/pkg/dev-python/pyid3lib-0.5.1
/var/db/pkg/app-shells
/var/db/pkg/app-shells/bash-2.05b-r9
/var/db/pkg/app-shells/sash-3.6
/var/db/pkg/dev-lang
/var/db/pkg/dev-lang/perl-5.8.2-r1
/var/db/pkg/dev-lang/tk-8.3.4-r1
/var/db/pkg/dev-lang/tcl-8.3.4
/var/db/pkg/dev-lang/nasm-0.98.38
/var/db/pkg/dev-lang/swig-1.3.21
/var/db/pkg/dev-lang/ruby-1.8.1-r6
/var/db/pkg/dev-lang/python-2.3.3-r1
/var/db/pkg/dev-libs
/var/db/pkg/dev-libs/expat-1.95.6-r1
/var/db/pkg/dev-libs/openssl-0.9.7d
/var/db/pkg/dev-libs/glib-1.2.10-r5
/var/db/pkg/dev-libs/popt-1.7-r1
/var/db/pkg/dev-libs/libxml2-2.6.7
/var/db/pkg/dev-libs/ucl-1.01-r1
/var/db/pkg/dev-libs/libxslt-1.1.4
/var/db/pkg/dev-libs/libpcre-4.4
/var/db/pkg/dev-libs/fribidi-0.10.4
/var/db/pkg/dev-libs/glib-2.4.1
/var/db/pkg/dev-libs/libsigc++-1.2.5
/var/db/pkg/dev-libs/libol-0.3.13
/var/db/pkg/dev-libs/libmal-0.31
/var/db/pkg/dev-libs/fftw-3.0.1
/var/db/pkg/dev-libs/atk-1.6.1
/var/db/pkg/dev-libs/libcdio-0.64
/var/db/pkg/dev-libs/lzo-1.08-r1
/var/db/pkg/dev-libs/boehm-gc-6.2-r1
/var/db/pkg/dev-libs/libIDL-0.8.3
/var/db/pkg/app-editors
/var/db/pkg/app-editors/nano-1.2.3
/var/db/pkg/app-editors/vi-3.7-r5
/var/db/pkg/net-misc
/var/db/pkg/net-misc/rsync-2.6.0
/var/db/pkg/net-misc/dhcpcd-1.3.22_p4-r4
/var/db/pkg/net-misc/iputils-020927
/var/db/pkg/net-misc/wget-1.9-r2
/var/db/pkg/net-misc/openssh-3.7.1_p2-r2
/var/db/pkg/net-misc/ntp-4.2.0-r2
/var/db/pkg/net-misc/neon-0.24.6
/var/db/pkg/net-misc/ksambaplugin-0.5f
/var/db/pkg/net-misc/vnc-3.3.7
/var/db/pkg/net-misc/netkit-telnetd-0.17-r3
/var/db/pkg/net-misc/curl-7.11.0
/var/db/pkg/net-misc/nforce-net-1.0.0261-r2
/var/db/pkg/net-misc/knetload-2.2.2
/var/db/pkg/net-misc/nxcomp-1.3.2
/var/db/pkg/net-misc/nxproxy-1.3.2
/var/db/pkg/net-misc/xfsamba-0.47
/var/db/pkg/net-misc/nxssh-1.3.2
/var/db/pkg/net-misc/nxclient-1.3.2
/var/db/pkg/net-misc/whois-4.6.6-r2
/var/db/pkg/app-arch
/var/db/pkg/app-arch/ncompress-4.2.4
/var/db/pkg/app-arch/bzip2-1.0.2-r3
/var/db/pkg/app-arch/cpio-2.5
/var/db/pkg/app-arch/gzip-1.3.3-r2
/var/db/pkg/app-arch/sharutils-4.2.1-r8
/var/db/pkg/app-arch/tar-1.13.25-r3
/var/db/pkg/app-arch/rpm2targz-9.0-r2
/var/db/pkg/app-arch/unzip-5.50-r2
/var/db/pkg/app-arch/zip-2.3-r2
/var/db/pkg/app-arch/dar-2.1.2-r1
/var/db/pkg/app-arch/lha-114i-r3
/var/db/pkg/sys-fs
/var/db/pkg/sys-fs/devfsd-1.3.25-r6
/var/db/pkg/sys-fs/e2fsprogs-1.34
/var/db/pkg/sys-fs/mtools-3.9.8-r1
/var/db/pkg/media-video
/var/db/pkg/media-video/transcode-0.6.11
/var/db/pkg/media-video/ffmpeg-0.4.7
/var/db/pkg/media-video/nvidia-kernel-1.0.4496-r3
/var/db/pkg/media-video/nvidia-glx-1.0.4496
/var/db/pkg/media-video/avifile-0.7.38.20030710
/var/db/pkg/media-video/mjpegtools-1.6.1.90-r2
/var/db/pkg/media-video/mpeg2vidcodec-12-r1
/var/db/pkg/media-video/vcdimager-0.7.19
/var/db/pkg/media-video/xine-ui-0.9.23-r2
/var/db/pkg/sys-boot
/var/db/pkg/sys-boot/grub-0.94-r1
/var/db/pkg/app-portage
/var/db/pkg/app-portage/esearch-0.6.2
/var/db/pkg/app-portage/gentoolkit-0.2.0_pre8
/var/db/pkg/app-portage/portagemaster-0.2.1
/var/db/pkg/app-portage/deltup-0.4.0
/var/db/pkg/app-misc
/var/db/pkg/app-misc/screen-4.0.1-r2
/var/db/pkg/app-misc/mc-4.6.0-r7
/var/db/pkg/media-libs
/var/db/pkg/media-libs/libmng-1.0.4
/var/db/pkg/media-libs/jpeg-6b-r3
/var/db/pkg/media-libs/freetype-2.1.5-r1
/var/db/pkg/media-libs/libpng-1.2.5-r6
/var/db/pkg/media-libs/fontconfig-2.2.2
/var/db/pkg/media-libs/libungif-4.1.0.1b
/var/db/pkg/media-libs/lcms-1.12
/var/db/pkg/media-libs/giflib-4.1.0-r3
/var/db/pkg/media-libs/tiff-3.5.7-r1
/var/db/pkg/media-libs/libvorbis-1.0.1-r2
/var/db/pkg/media-libs/alsa-lib-1.0.5
/var/db/pkg/media-libs/libmad-0.15.1b
/var/db/pkg/media-libs/libogg-1.1
/var/db/pkg/media-libs/svgalib-1.9.18-r1
/var/db/pkg/media-libs/glut-3.7.1
/var/db/pkg/media-libs/libid3tag-0.15.1b
/var/db/pkg/media-libs/audiofile-0.2.6-r1
/var/db/pkg/media-libs/libart_lgpl-2.3.16
/var/db/pkg/media-libs/imlib-1.9.14-r1
/var/db/pkg/media-libs/t1lib-5.0.0-r2
/var/db/pkg/media-libs/libmikmod-3.1.11-r1
/var/db/pkg/media-libs/libsdl-1.2.7
/var/db/pkg/media-libs/libdvdcss-1.2.8
/var/db/pkg/media-libs/flac-1.1.0-r1
/var/db/pkg/media-libs/libfame-0.9.0
/var/db/pkg/media-libs/xvid-0.9.1
/var/db/pkg/media-libs/divx4linux-20030428-r1
/var/db/pkg/media-libs/win32codecs-0.90.1-r2
/var/db/pkg/media-libs/musicbrainz-2.0.2-r2
/var/db/pkg/media-libs/taglib-1.0
/var/db/pkg/media-libs/xine-lib-1_rc4-r1
/var/db/pkg/media-libs/id3lib-3.8.3-r1
/var/db/pkg/media-libs/compface-1.4
/var/db/pkg/media-libs/pdflib-5.0.2
/var/db/pkg/media-libs/gd-2.0.23
/var/db/pkg/media-libs/libmovtar-0.1.3-r1
/var/db/pkg/media-libs/netpbm-9.12-r4
/var/db/pkg/media-libs/a52dec-0.7.4
/var/db/pkg/media-libs/libmpeg3-1.5.2
/var/db/pkg/media-libs/libquicktime-0.9.2_pre1
/var/db/pkg/media-libs/imlib2-1.1.0
/var/db/pkg/media-libs/libdv-0.99-r1
/var/db/pkg/media-libs/libao-0.8.5
/var/db/pkg/media-libs/libdvdread-0.9.4
/var/db/pkg/media-sound
/var/db/pkg/media-sound/id3-0.12-r1
/var/db/pkg/media-sound/lame-3.96
/var/db/pkg/media-sound/cdparanoia-3.9.8-r1
/var/db/pkg/media-sound/alsaplayer-0.99.76
/var/db/pkg/media-sound/xmms-1.2.10-r5
/var/db/pkg/media-sound/alsa-patch-bay-1.0.0
/var/db/pkg/media-sound/alsa-utils-1.0.5
/var/db/pkg/media-sound/alsa-tools-1.0.5
/var/db/pkg/media-sound/normalize-0.7.6-r2
/var/db/pkg/media-sound/ripperx-2.6.1
/var/db/pkg/media-sound/madplay-0.15.2b
/var/db/pkg/media-sound/amarok-0.9
/var/db/pkg/media-sound/sox-12.17.4-r1
/var/db/pkg/media-sound/id3v2-0.1.10
/var/db/pkg/media-sound/bladeenc-0.94.2-r1
/var/db/pkg/media-sound/abcde-2.1.9
/var/db/pkg/media-sound/vorbis-tools-1.0.1
/var/db/pkg/media-sound/cd-discid-0.8
/var/db/pkg/x11-base
/var/db/pkg/x11-base/opengl-update-1.7.2
/var/db/pkg/x11-base/xfree-4.3.0-r5
/var/db/pkg/x11-misc
/var/db/pkg/x11-misc/superkaramba-0.33-r1
/var/db/pkg/x11-misc/ttmkfdir-3.0.9-r1
/var/db/pkg/x11-misc/imwheel-1.0.0_pre2
/var/db/pkg/x11-misc/shared-mime-info-0.14
/var/db/pkg/x11-misc/xosview-1.8.1
/var/db/pkg/net-print
/var/db/pkg/net-print/foomatic-db-engine-3.0.1
/var/db/pkg/net-print/apsfilter-7.2.5
/var/db/pkg/net-print/cups-1.1.20-r1
/var/db/pkg/net-print/foomatic-filters-3.0.1
/var/db/pkg/net-print/foomatic-db-20040302
/var/db/pkg/net-print/foomatic-3.0.1
/var/db/pkg/dev-db
/var/db/pkg/dev-db/mysql-4.0.18-r2
/var/db/pkg/x11-libs
/var/db/pkg/x11-libs/Xaw3d-1.5-r1
/var/db/pkg/x11-libs/qt-3.3.2
/var/db/pkg/x11-libs/openmotif-2.1.30-r4
/var/db/pkg/x11-libs/gtk+-1.2.10-r11
/var/db/pkg/x11-libs/pango-1.4.0
/var/db/pkg/x11-libs/gtk+-2.4.1
/var/db/pkg/x11-libs/fltk-1.1.4
/var/db/pkg/x11-libs/wxGTK-2.4.2-r1
/var/db/pkg/dev-perl
/var/db/pkg/dev-perl/DBI-1.38
/var/db/pkg/dev-perl/Storable-2.07-r1
/var/db/pkg/dev-perl/Net-Daemon-0.37
/var/db/pkg/dev-perl/DBD-mysql-2.1027
/var/db/pkg/dev-perl/PlRPC-0.2016-r1
/var/db/pkg/dev-perl/Digest-HMAC-1.01-r1
/var/db/pkg/dev-perl/MIME-Base64-3.00
/var/db/pkg/dev-perl/XML-Parser-2.34
/var/db/pkg/dev-perl/PodParser-1.22
/var/db/pkg/dev-perl/digest-base-1.05
/var/db/pkg/dev-perl/Digest-MD5-2.33
/var/db/pkg/dev-perl/Digest-SHA1-2.07
/var/db/pkg/dev-perl/HTML-Tagset-3.03-r2
/var/db/pkg/dev-perl/Net-DNS-0.40
/var/db/pkg/dev-perl/HTML-Parser-3.34-r1
/var/db/pkg/dev-perl/DB_File-1.807
/var/db/pkg/dev-perl/Net-SSLeay-1.23
/var/db/pkg/dev-perl/IO-Socket-SSL-0.94
/var/db/pkg/dev-perl/perl-tk-800.025-r1
/var/db/pkg/dev-perl/File-MMagic-1.20
/var/db/pkg/dev-perl/XML-Generator-0.99
/var/db/pkg/kde-base
/var/db/pkg/kde-base/kdelibs-3.2.2-r1
/var/db/pkg/kde-base/kde-env-3-r2
/var/db/pkg/kde-base/arts-1.2.2
/var/db/pkg/kde-base/kdegraphics-3.2.2
/var/db/pkg/kde-base/kdebase-3.2.2
/var/db/pkg/kde-base/kdeaccessibility-3.2.2
/var/db/pkg/kde-base/kdeedu-3.2.2
/var/db/pkg/kde-base/kdeutils-3.2.2
/var/db/pkg/kde-base/kdetoys-3.2.2
/var/db/pkg/kde-base/kdemultimedia-3.2.2-r1
/var/db/pkg/kde-base/kdeartwork-3.2.2
/var/db/pkg/kde-base/kdenetwork-3.2.2
/var/db/pkg/kde-base/kdepim-3.2.2
/var/db/pkg/kde-base/kdeaddons-3.2.2
/var/db/pkg/kde-base/kdeadmin-3.2.2
/var/db/pkg/kde-base/kdegames-3.2.2
/var/db/pkg/kde-base/kde-3.2.2
/var/db/pkg/net-libs
/var/db/pkg/net-libs/libpcap-0.8.3-r1
/var/db/pkg/net-libs/libwww-5.4.0-r2
/var/db/pkg/net-libs/libnet-1.1.2.1
/var/db/pkg/net-libs/gnet-2.0.5
/var/db/pkg/net-libs/liblockfile-1.03-r1
/var/db/pkg/net-libs/libnet-1.0.2a-r3
/var/db/pkg/dev-ruby
/var/db/pkg/dev-ruby/ruby-config-0.2
/var/db/pkg/app-text
/var/db/pkg/app-text/ispell-3.2.06-r6
/var/db/pkg/app-text/tetex-2.0.2-r3
/var/db/pkg/app-text/opensp-1.5-r1
/var/db/pkg/app-text/ghostscript-7.07.1-r1
/var/db/pkg/app-text/sgml-common-0.6.3-r4
/var/db/pkg/app-text/docbook-xml-dtd-4.1.2-r4
/var/db/pkg/app-text/openjade-1.3.2-r1
/var/db/pkg/app-text/xpdf-2.03
/var/db/pkg/app-text/enscript-1.6.3-r1
/var/db/pkg/app-text/a2ps-4.13c
/var/db/pkg/app-text/docbook-dsssl-stylesheets-1.77-r2
/var/db/pkg/app-text/docbook-xsl-stylesheets-1.62.4
/var/db/pkg/app-text/namazu-2.0.12
/var/db/pkg/app-text/dictd-1.9.11-r1
/var/db/pkg/app-text/texi2html-1.64-r1
/var/db/pkg/app-text/dgs-0.5.10-r1
/var/db/pkg/app-text/enchant-1.1.3
/var/db/pkg/app-text/psutils-1.17
/var/db/pkg/app-text/gtkspell-2.0.4-r1
/var/db/pkg/app-text/gv-3.5.8-r3
/var/db/pkg/dev-java
/var/db/pkg/dev-java/ant-1.5.4-r1
/var/db/pkg/dev-java/jikes-1.19
/var/db/pkg/dev-java/java-sdk-docs-1.4.1
/var/db/pkg/dev-java/java-config-1.2.6
/var/db/pkg/dev-java/blackdown-jdk-1.4.1
/var/db/pkg/net-mail
/var/db/pkg/net-mail/mailbase-0.00-r5
/var/db/pkg/net-mail/getmail-3.1.7
/var/db/pkg/net-mail/metamail-2.7.45.3
/var/db/pkg/net-mail/qpopper-4.0.5
/var/db/pkg/mail-mta
/var/db/pkg/mail-mta/postfix-2.0.19
/var/db/pkg/net-fs
/var/db/pkg/net-fs/samba-3.0.4-r1
/var/db/pkg/media-gfx
/var/db/pkg/media-gfx/graphviz-1.10
/var/db/pkg/media-gfx/gnuplot-3.8j
/var/db/pkg/media-gfx/xloadimage-4.1-r1
/var/db/pkg/media-gfx/xli-1.17.0
/var/db/pkg/media-gfx/imagemagick-5.5.7.15
/var/db/pkg/app-doc
/var/db/pkg/app-doc/doxygen-1.3.6
/var/db/pkg/net-nds
/var/db/pkg/net-nds/portmap-5b-r8
/var/db/pkg/app-admin
/var/db/pkg/app-admin/webmin-1.150
/var/db/pkg/app-admin/fam-2.7.0
/var/db/pkg/app-admin/gkrellm-2.1.28-r1
/var/db/pkg/app-admin/sudo-1.6.7_p5
/var/db/pkg/app-admin/syslog-ng-1.6.4
/var/db/pkg/app-admin/addpatches-0.2
/var/db/pkg/app-admin/realpath-1.9.10
/var/db/pkg/app-admin/logrotate-3.6.5-r1
/var/db/pkg/app-admin/newsyslog-1.1
/var/db/pkg/app-admin/webalizer-2.01.10-r4
/var/db/pkg/app-crypt
/var/db/pkg/app-crypt/gpgme-0.3.14
/var/db/pkg/app-crypt/gnupg-1.2.4
/var/db/pkg/app-crypt/cryptplug-0.3.16
/var/db/pkg/mail-client
/var/db/pkg/mail-client/nmh-1.0.4-r2
/var/db/pkg/mail-client/mutt-1.5.6
/var/db/pkg/mail-client/mailx-support-20030215
/var/db/pkg/mail-client/mailx-8.1.2.20021129-r2
/var/db/pkg/app-cdr
/var/db/pkg/app-cdr/cdrdao-1.1.8
/var/db/pkg/app-cdr/cdrtools-2.01_alpha28-r1
/var/db/pkg/app-cdr/k3b-0.11.10
/var/db/pkg/app-cdr/dvd+rw-tools-5.13.4.7.4
/var/db/pkg/dev-tcltk
/var/db/pkg/dev-tcltk/itcl-3.2.1-r1
/var/db/pkg/dev-tcltk/iwidgets-4.0.1
/var/db/pkg/app-pda
/var/db/pkg/app-pda/pilot-link-0.11.8
/var/db/pkg/mail-filter
/var/db/pkg/mail-filter/spamassassin-2.63
/var/db/pkg/mail-filter/procmail-3.22-r6
/var/db/pkg/net-dialup
/var/db/pkg/net-dialup/pptpclient-1.3.1
/var/db/pkg/net-dialup/ppp-2.4.2-r2
/var/db/pkg/app-sci
/var/db/pkg/app-sci/octave-2.1.50
/var/db/pkg/app-sci/scilab-2.7-r2
/var/db/pkg/net-www
/var/db/pkg/net-www/lynx-2.8.5
/var/db/pkg/net-www/w3m-0.5.1
/var/db/pkg/net-www/mozilla-launcher-1.12
/var/db/pkg/net-www/mozilla-firefox-0.8-r3
/var/db/pkg/net-www/apache-2.0.49-r4
/var/db/pkg/x11-terms
/var/db/pkg/x11-terms/aterm-0.4.2-r8
/var/db/pkg/x11-themes
/var/db/pkg/x11-themes/baghira-0.3r
/var/db/pkg/x11-themes/hicolor-icon-theme-0.4
/var/db/pkg/x11-themes/gnome-icon-theme-1.2.1
/var/db/pkg/x11-themes/baghira-deco-0.4_pre3
/var/db/pkg/media-fonts
/var/db/pkg/media-fonts/aquapfont-2.5
/var/db/pkg/media-fonts/lfpfonts-fix-0.82-r1
/var/db/pkg/media-fonts/terminus-font-4.07
/var/db/pkg/media-fonts/artwiz-fonts-2.4
/var/db/pkg/media-fonts/freefonts-0.10-r2
/var/db/pkg/media-fonts/sharefonts-0.10-r1
/var/db/pkg/media-fonts/ttf-bitstream-vera-1.10-r2
/var/db/pkg/media-fonts/lfpfonts-var-0.83
/var/db/pkg/media-fonts/monafont-2.90
/var/db/pkg/media-fonts/mplus-fonts-2.2.1
/var/db/pkg/media-fonts/arphicfonts-0.1-r2
/var/db/pkg/media-fonts/chkfontpath-1.9.10
/var/db/pkg/media-fonts/aquafont-2.7
/var/db/pkg/dev-cpp
/var/db/pkg/dev-cpp/gtkmm-2.2.11
/var/db/pkg/app-dicts
/var/db/pkg/app-dicts/dictd-elements-2000.22.07-r1
/var/db/pkg/app-dicts/dictd-vera-1.7-r1
/var/db/pkg/app-dicts/dictd-wn-1.5-r1
/var/db/pkg/app-dicts/dictd-foldoc-2001.03.13-r1
/var/db/pkg/app-dicts/dictd-web1913-1.4-r1
/var/db/pkg/app-dicts/dictd-devils-0-r1
/var/db/pkg/app-dicts/dictd-jargon-4.2.3-r1
/var/db/pkg/app-dicts/dictd-misc-1.5b-r1
/var/db/pkg/app-dicts/dictd-gazetteer-1.2-r1
/var/db/pkg/app-dicts/dictd-dicts-1.0
/var/db/pkg/games-misc
/var/db/pkg/games-misc/fortune-mod-dubya-20040527
/var/db/pkg/games-misc/fortune-mod-1.0.9708-r1
/var/db/pkg/games-misc/fortune-mod-smac-0.1
/var/db/pkg/games-misc/fortune-mod-sp-fortunes-0.1
/var/db/pkg/games-misc/fortune-mod-osfortune-1
/var/db/pkg/games-misc/fortune-mod-futurama-0.2
/var/db/pkg/games-misc/fortune-mod-homer-0.1
/var/db/pkg/games-misc/fortune-mod-simpsons-chalkboard-0.1
/var/db/pkg/games-misc/fortune-mod-debilneho-0.1
/var/db/pkg/games-misc/fortune-mod-humorixfortunes-1.4-r1
/var/db/pkg/games-misc/fortune-mod-bofh-excuses-1.2
/var/db/pkg/games-misc/fortune-mod-calvin-0.1.1
/var/db/pkg/games-misc/fortune-mod-zx-error-1.0
/var/db/pkg/games-misc/fortune-mod-tao-1
/var/db/pkg/games-misc/fortune-mod-kernelcookies-8
/var/db/pkg/games-misc/fortune-mod-starwars-0.1
/var/db/pkg/games-misc/fortune-mod-hitchhiker-0.1
/var/db/pkg/games-misc/fortune-mod-dune-2.0.1
/var/db/pkg/games-misc/fortune-mod-all-0
/var/db/pkg/games-misc/fortune-mod-gentoo-dev-20040608
/var/db/pkg/net-news
/var/db/pkg/net-news/pan-0.14.2
/var/db/pkg/net-dns
/var/db/pkg/net-dns/dnsmasq-2.9
/var/db/pkg/net-dns/bind-tools-9.2.3-r1
/var/db/pkg/net-analyzer
/var/db/pkg/net-analyzer/trafshow-3.1-r1
/var/db/pkg/net-analyzer/tcpdump-3.8.3
/var/db/pkg/net-analyzer/tcptraceroute-1.4-r3
/var/db/pkg/net-analyzer/ntop-3.0
/var/db/pkg/net-analyzer/traceroute-1.4_p12-r2
/var/db/pkg/net-firewall
/var/db/pkg/net-firewall/iptables-1.2.9-r4
/var/db/pkg/net-ftp
/var/db/pkg/net-ftp/ncftp-3.1.7
